// Jest Snapshot v1, https://goo.gl/fbAQLP

exports[`Board should render correctly 1`] = `
<div
  className="board"
  id=""
>
  <h2>
    fsdfsdf
  </h2>
  Hello dJest!
</div>
`;
