// Jest Snapshot v1, https://goo.gl/fbAQLP

exports[`BudgetViewsButtonActions should render base layout 1`] = `
<div
  className="budgetBtns"
>
  <Link
    onlyActiveOnIndex={false}
    style={Object {}}
    to="/home"
  >
    <Button
      ghost={false}
      icon="arrow-left"
      loading={false}
      prefixCls="ant-btn"
    >
      Back
    </Button>
  </Link>
  <Popconfirm
    cancelText="Cancel"
    okText="Yes"
    okType="primary"
    onConfirm="func"
    placement="top"
    prefixCls="ant-popover"
    title="Create new Budget version"
    transitionName="zoom-big"
    trigger="click"
  >
    <Button
      ghost={false}
      icon="switcher"
      loading={false}
      prefixCls="ant-btn"
      type="primary"
    >
      Save New Version
    </Button>
  </Popconfirm>
  Â 
  <Connect(Filter)
    onOverlayClick={[Function]}
    visible={false}
  />
  <Button
    ghost={false}
    icon="switcher"
    loading={false}
    onClick={[Function]}
    prefixCls="ant-btn"
  >
    Filter
  </Button>
  <Button
    ghost={false}
    icon="left"
    loading={false}
    prefixCls="ant-btn"
  >
    Undo
  </Button>
  <Button
    ghost={false}
    icon="right"
    loading={false}
    prefixCls="ant-btn"
  >
    Redo
  </Button>
</div>
`;
