// Jest Snapshot v1, https://goo.gl/fbAQLP

exports[`PopoverBudgetLink should render correctly 1`] = `
<Popover
  content={
    <ul
      className="popover-main-ul"
    >
      <li>
        <h4>
          Top Down
        </h4>
        <ul>
          <li>
            <Link
              id="undefined-0-exec"
              onlyActiveOnIndex={false}
              style={Object {}}
              to="/budget/undefined/undefined/version/undefined/undefined/top-down/exec"
            >
              Executive Recap
            </Link>
          </li>
          <li>
            <Link
              id="undefined-1-total"
              onlyActiveOnIndex={false}
              style={Object {}}
              to="/budget/undefined/undefined/version/undefined/undefined/top-down/total"
            >
              OTB Total
            </Link>
          </li>
          <li>
            <Link
              id="undefined-2-women"
              onlyActiveOnIndex={false}
              style={Object {}}
              to="/budget/undefined/undefined/version/undefined/undefined/top-down/women"
            >
              OTB Women
            </Link>
          </li>
          <li>
            <Link
              id="undefined-3-men"
              onlyActiveOnIndex={false}
              style={Object {}}
              to="/budget/undefined/undefined/version/undefined/undefined/top-down/men"
            >
              OTB Men
            </Link>
          </li>
        </ul>
      </li>
      <li>
        <h4>
          Middle Out Summary
        </h4>
        <ul>
          <li>
            <Link
              id="undefined-0-bg-women"
              onlyActiveOnIndex={false}
              style={Object {}}
              to="/budget/undefined/undefined/version/undefined/undefined/middle-out/bg-women"
            >
              Brand Group Targets Women
            </Link>
          </li>
          <li>
            <Link
              id="undefined-1-bg-men"
              onlyActiveOnIndex={false}
              style={Object {}}
              to="/budget/undefined/undefined/version/undefined/undefined/middle-out/bg-men"
            >
              Brand Group Targets Men
            </Link>
          </li>
          <li>
            <Link
              id="undefined-2-department"
              onlyActiveOnIndex={false}
              style={Object {}}
              to="/budget/undefined/undefined/version/undefined/undefined/middle-out/department"
            >
              Department Targets Women
            </Link>
          </li>
          <li>
            <Link
              id="undefined-3-department2"
              onlyActiveOnIndex={false}
              style={Object {}}
              to="/budget/undefined/undefined/version/undefined/undefined/middle-out/department2"
            >
              Department Targets Men
            </Link>
          </li>
          <li>
            <Link
              id="undefined-4-width-depth"
              onlyActiveOnIndex={false}
              style={Object {}}
              to="/budget/undefined/undefined/version/undefined/undefined/middle-out/width-depth"
            >
              Width and Depth Targets
            </Link>
          </li>
        </ul>
      </li>
      <li>
        <h4>
          Bottom Up
        </h4>
        <ul>
          <li>
            <Link
              id="undefined-0-delivery"
              onlyActiveOnIndex={false}
              style={Object {}}
              to="/budget/undefined/undefined/version/undefined/undefined/bottom-up/delivery"
            >
              Delivery
            </Link>
          </li>
          <li>
            <Link
              id="undefined-1-unit"
              onlyActiveOnIndex={false}
              style={Object {}}
              to="/budget/undefined/undefined/version/undefined/undefined/bottom-up/unit"
            >
              Unit
            </Link>
          </li>
          <li>
            <Link
              id="undefined-2-department3"
              onlyActiveOnIndex={false}
              style={Object {}}
              to="/budget/undefined/undefined/version/undefined/undefined/bottom-up/department3"
            >
              Department
            </Link>
          </li>
          <li>
            <Link
              id="undefined-3-department4"
              onlyActiveOnIndex={false}
              style={Object {}}
              to="/budget/undefined/undefined/version/undefined/undefined/bottom-up/department4"
            >
              Department
            </Link>
          </li>
          <li>
            <Link
              id="undefined-4-sales-margin"
              onlyActiveOnIndex={false}
              style={Object {}}
              to="/budget/undefined/undefined/version/undefined/undefined/bottom-up/sales-margin"
            >
              Sales Margin
            </Link>
          </li>
          <li>
            <Link
              id="undefined-5-shrink-planning"
              onlyActiveOnIndex={false}
              style={Object {}}
              to="/budget/undefined/undefined/version/undefined/undefined/bottom-up/shrink-planning"
            >
              Shrink Planning
            </Link>
          </li>
        </ul>
      </li>
    </ul>
  }
  mouseEnterDelay={0.1}
  mouseLeaveDelay={0.1}
  overlayStyle={Object {}}
  placement="right"
  prefixCls="ant-popover"
  title={
    <span>
       views
    </span>
  }
  transitionName="zoom-big"
  trigger="click"
/>
`;
